// Jest Snapshot v1, https://goo.gl/fbAQLP

exports[`Default Title renders correctly 1`] = `
<div
  style={
    Object {
      "WebkitAlignItems": "stretch",
      "WebkitBoxAlign": "stretch",
      "WebkitBoxDirection": "normal",
      "WebkitBoxOrient": "vertical",
      "WebkitFlexBasis": "auto",
      "WebkitFlexDirection": "column",
      "WebkitFlexShrink": 0,
      "alignItems": "stretch",
      "borderBottomStyle": "solid",
      "borderBottomWidth": "0px",
      "borderLeftStyle": "solid",
      "borderLeftWidth": "0px",
      "borderRightStyle": "solid",
      "borderRightWidth": "0px",
      "borderTopStyle": "solid",
      "borderTopWidth": "0px",
      "boxSizing": "border-box",
      "display": "flex",
      "flexBasis": "auto",
      "flexDirection": "column",
      "flexShrink": 0,
      "marginBottom": "0px",
      "marginLeft": "0px",
      "marginRight": "0px",
      "marginTop": "0px",
      "minHeight": "0px",
      "minWidth": "0px",
      "msFlexAlign": "stretch",
      "msFlexDirection": "column",
      "msFlexNegative": 0,
      "msFlexPreferredSize": "auto",
      "paddingBottom": "20px",
      "paddingLeft": "0px",
      "paddingRight": "0px",
      "paddingTop": "20px",
      "position": "relative",
      "zIndex": 0,
    }
  }
>
  <div
    dir="auto"
    style={
      Object {
        "borderBottomWidth": "0px",
        "borderLeftWidth": "0px",
        "borderRightWidth": "0px",
        "borderTopWidth": "0px",
        "boxSizing": "border-box",
        "color": "rgba(0,0,0,1.00)",
        "display": "inline",
        "fontFamily": "CabinSketch",
        "fontSize": "30px",
        "fontStyle": "inherit",
        "fontVariant": "inherit",
        "fontWeight": "inherit",
        "lineHeight": "inherit",
        "marginBottom": "0px",
        "marginLeft": "0px",
        "marginRight": "0px",
        "marginTop": "0px",
        "paddingBottom": "0px",
        "paddingLeft": "0px",
        "paddingRight": "0px",
        "paddingTop": "0px",
        "textDecoration": "none",
        "whiteSpace": "pre-wrap",
        "wordWrap": "break-word",
      }
    }
  >
    Title
  </div>
</div>
`;
